../Core/Src/print.c:18:13:reverseStr	40	static
../Core/Src/print.c:48:17:uint32ToStr	32	static
../Core/Src/print.c:81:17:int32ToStr	32	static
../Core/Src/print.c:125:17:uint64ToStr	48	static
../Core/Src/print.c:159:17:int64ToStr	56	static
../Core/Src/print.c:202:17:intToStr	32	static
../Core/Src/print.c:245:17:longToStr	32	static
../Core/Src/print.c:289:17:longLongToStr	56	static
../Core/Src/print.c:333:17:unsignedToStr	32	static
../Core/Src/print.c:367:41:unsignedIntToStr	32	static
../Core/Src/print.c:401:17:unsignedLongToStr	32	static
../Core/Src/print.c:435:17:unsignedLongLongToStr	48	static
../Core/Src/print.c:471:41:floatToStr	64	static
../Core/Src/print.c:515:17:doubleToStr	104	static
../Core/Src/print.c:550:28:printChar	16	static
../Core/Src/print.c:554:28:printString	16	static
../Core/Src/print.c:559:12:strToInt	32	static
../Core/Src/print.c:571:10:print	120	static
../Core/Src/print.c:698:10:vprint	120	static
../Core/Src/print.c:822:10:sprint	180	static
../Core/Src/print.c:949:10:vsprint	184	static
