13:34:35 **** Incremental Build of configuration Debug for project ADC_DMA ****
make -j4 all 
arm-none-eabi-gcc "../Core/Src/main.c" -mcpu=cortex-m3 -std=gnu11 -g3 -DDEBUG -DUSE_HAL_DRIVER -DSTM32F103xB -c -I../Core/Inc -I../Drivers/STM32F1xx_HAL_Driver/Inc/Legacy -I../Drivers/STM32F1xx_HAL_Driver/Inc -I../Drivers/CMSIS/Device/ST/STM32F1xx/Include -I../Drivers/CMSIS/Include -O0 -ffunction-sections -fdata-sections -Wall -fstack-usage -fcyclomatic-complexity -MMD -MP -MF"Core/Src/main.d" -MT"Core/Src/main.o" --specs=nano.specs -mfloat-abi=soft -mthumb -o "Core/Src/main.o"
arm-none-eabi-gcc -o "ADC_DMA.elf" @"objects.list"   -mcpu=cortex-m3 -T"C:\Users\anup\Desktop\STM32 board\ADC_DMA\STM32F103C8TX_FLASH.ld" --specs=nosys.specs -Wl,-Map="ADC_DMA.map" -Wl,--gc-sections -static --specs=nano.specs -mfloat-abi=soft -mthumb -Wl,--start-group -lc -lm -Wl,--end-group
Finished building target: ADC_DMA.elf
 
arm-none-eabi-size   ADC_DMA.elf 
arm-none-eabi-objdump -h -S  ADC_DMA.elf  > "ADC_DMA.list"
arm-none-eabi-objcopy  -O ihex  ADC_DMA.elf  "ADC_DMA.hex"
   text	   data	    bss	    dec	    hex	filename
  14556	    112	   2104	  16772	   4184	ADC_DMA.elf
arm-none-eabi-objcopy  -O binary  ADC_DMA.elf  "ADC_DMA.bin"
Finished building: default.size.stdout
 
Finished building: ADC_DMA.hex
Finished building: ADC_DMA.bin
 
 
Finished building: ADC_DMA.list
 

13:34:38 Build Finished. 0 errors, 0 warnings. (took 2s.507ms)

