13:00:47 **** Incremental Build of configuration Debug for project Blink ****
make -j4 all 
arm-none-eabi-gcc -o "Blink.elf" @"objects.list"   -mcpu=cortex-m3 -T"C:\Users\anup\Desktop\STM32 board\Blink\STM32F103C8TX_FLASH.ld" --specs=nosys.specs -Wl,-Map="Blink.map" -Wl,--gc-sections -static --specs=nano.specs -mfloat-abi=soft -mthumb -Wl,--start-group -lc -lm -Wl,--end-group
Finished building target: Blink.elf
 
arm-none-eabi-size   Blink.elf 
arm-none-eabi-objdump -h -S  Blink.elf  > "Blink.list"
   text	   data	    bss	    dec	    hex	filename
   4628	     20	   1572	   6220	   184c	Blink.elf
Finished building: default.size.stdout
 
Finished building: Blink.list
 
arm-none-eabi-objcopy -O ihex Blink.elf Blink.hex
 

13:00:49 Build Finished. 0 errors, 0 warnings. (took 1s.414ms)

