18:55:03 **** Incremental Build of configuration Debug for project Nucleo_Board_test ****
make -j4 all 
arm-none-eabi-gcc "../Core/Src/main.c" -mcpu=cortex-m4 -std=gnu11 -g3 -DDEBUG -DUSE_HAL_DRIVER -DSTM32F303xE -c -I../Core/Inc -I../Drivers/STM32F3xx_HAL_Driver/Inc -I../Drivers/STM32F3xx_HAL_Driver/Inc/Legacy -I../Drivers/CMSIS/Device/ST/STM32F3xx/Include -I../Drivers/CMSIS/Include -O0 -ffunction-sections -fdata-sections -Wall -fstack-usage -fcyclomatic-complexity -MMD -MP -MF"Core/Src/main.d" -MT"Core/Src/main.o" --specs=nano.specs -mfpu=fpv4-sp-d16 -mfloat-abi=hard -mthumb -o "Core/Src/main.o"
arm-none-eabi-gcc "../Core/Src/stm32f3xx_hal_msp.c" -mcpu=cortex-m4 -std=gnu11 -g3 -DDEBUG -DUSE_HAL_DRIVER -DSTM32F303xE -c -I../Core/Inc -I../Drivers/STM32F3xx_HAL_Driver/Inc -I../Drivers/STM32F3xx_HAL_Driver/Inc/Legacy -I../Drivers/CMSIS/Device/ST/STM32F3xx/Include -I../Drivers/CMSIS/Include -O0 -ffunction-sections -fdata-sections -Wall -fstack-usage -fcyclomatic-complexity -MMD -MP -MF"Core/Src/stm32f3xx_hal_msp.d" -MT"Core/Src/stm32f3xx_hal_msp.o" --specs=nano.specs -mfpu=fpv4-sp-d16 -mfloat-abi=hard -mthumb -o "Core/Src/stm32f3xx_hal_msp.o"
arm-none-eabi-gcc "../Core/Src/stm32f3xx_it.c" -mcpu=cortex-m4 -std=gnu11 -g3 -DDEBUG -DUSE_HAL_DRIVER -DSTM32F303xE -c -I../Core/Inc -I../Drivers/STM32F3xx_HAL_Driver/Inc -I../Drivers/STM32F3xx_HAL_Driver/Inc/Legacy -I../Drivers/CMSIS/Device/ST/STM32F3xx/Include -I../Drivers/CMSIS/Include -O0 -ffunction-sections -fdata-sections -Wall -fstack-usage -fcyclomatic-complexity -MMD -MP -MF"Core/Src/stm32f3xx_it.d" -MT"Core/Src/stm32f3xx_it.o" --specs=nano.specs -mfpu=fpv4-sp-d16 -mfloat-abi=hard -mthumb -o "Core/Src/stm32f3xx_it.o"
arm-none-eabi-gcc -o "Nucleo_Board_test.elf" @"objects.list"   -mcpu=cortex-m4 -T"C:\Users\anup\Desktop\STM32 board\Nucleo_Board_test\STM32F303RETX_FLASH.ld" --specs=nosys.specs -Wl,-Map="Nucleo_Board_test.map" -Wl,--gc-sections -static --specs=nano.specs -mfpu=fpv4-sp-d16 -mfloat-abi=hard -mthumb -Wl,--start-group -lc -lm -Wl,--end-group
Finished building target: Nucleo_Board_test.elf
 
arm-none-eabi-size   Nucleo_Board_test.elf 
arm-none-eabi-objdump -h -S  Nucleo_Board_test.elf  > "Nucleo_Board_test.list"
   text	   data	    bss	    dec	    hex	filename
  16200	    112	   2040	  18352	   47b0	Nucleo_Board_test.elf
Finished building: default.size.stdout
 
Finished building: Nucleo_Board_test.list
 
18:55:10 **** Incremental Build of configuration Debug for project Nucleo_Board_test ****
make -j4 all 
arm-none-eabi-size   Nucleo_Board_test.elf 
   text	   data	    bss	    dec	    hex	filename
  16200	    112	   2040	  18352	   47b0	Nucleo_Board_test.elf
Finished building: default.size.stdout
 
18:56:17 **** Incremental Build of configuration Debug for project Nucleo_Board_test ****
make -j4 all 
arm-none-eabi-gcc "../Core/Src/main.c" -mcpu=cortex-m4 -std=gnu11 -g3 -DDEBUG -DUSE_HAL_DRIVER -DSTM32F303xE -c -I../Core/Inc -I../Drivers/STM32F3xx_HAL_Driver/Inc -I../Drivers/STM32F3xx_HAL_Driver/Inc/Legacy -I../Drivers/CMSIS/Device/ST/STM32F3xx/Include -I../Drivers/CMSIS/Include -O0 -ffunction-sections -fdata-sections -Wall -fstack-usage -fcyclomatic-complexity -MMD -MP -MF"Core/Src/main.d" -MT"Core/Src/main.o" --specs=nano.specs -mfpu=fpv4-sp-d16 -mfloat-abi=hard -mthumb -o "Core/Src/main.o"
arm-none-eabi-gcc -o "Nucleo_Board_test.elf" @"objects.list"   -mcpu=cortex-m4 -T"C:\Users\anup\Desktop\STM32 board\Nucleo_Board_test\STM32F303RETX_FLASH.ld" --specs=nosys.specs -Wl,-Map="Nucleo_Board_test.map" -Wl,--gc-sections -static --specs=nano.specs -mfpu=fpv4-sp-d16 -mfloat-abi=hard -mthumb -Wl,--start-group -lc -lm -Wl,--end-group
Finished building target: Nucleo_Board_test.elf
 
arm-none-eabi-size   Nucleo_Board_test.elf 
arm-none-eabi-objdump -h -S  Nucleo_Board_test.elf  > "Nucleo_Board_test.list"
   text	   data	    bss	    dec	    hex	filename
  16280	    112	   2040	  18432	   4800	Nucleo_Board_test.elf
Finished building: default.size.stdout
 
Finished building: Nucleo_Board_test.list
 
18:56:55 **** Incremental Build of configuration Debug for project Nucleo_Board_test ****
make -j4 all 
arm-none-eabi-size   Nucleo_Board_test.elf 
   text	   data	    bss	    dec	    hex	filename
  16280	    112	   2040	  18432	   4800	Nucleo_Board_test.elf
Finished building: default.size.stdout
 
18:57:13 **** Incremental Build of configuration Debug for project Nucleo_Board_test ****
make -j4 all 
arm-none-eabi-gcc "../Core/Src/main.c" -mcpu=cortex-m4 -std=gnu11 -g3 -DDEBUG -DUSE_HAL_DRIVER -DSTM32F303xE -c -I../Core/Inc -I../Drivers/STM32F3xx_HAL_Driver/Inc -I../Drivers/STM32F3xx_HAL_Driver/Inc/Legacy -I../Drivers/CMSIS/Device/ST/STM32F3xx/Include -I../Drivers/CMSIS/Include -O0 -ffunction-sections -fdata-sections -Wall -fstack-usage -fcyclomatic-complexity -MMD -MP -MF"Core/Src/main.d" -MT"Core/Src/main.o" --specs=nano.specs -mfpu=fpv4-sp-d16 -mfloat-abi=hard -mthumb -o "Core/Src/main.o"
arm-none-eabi-gcc -o "Nucleo_Board_test.elf" @"objects.list"   -mcpu=cortex-m4 -T"C:\Users\anup\Desktop\STM32 board\Nucleo_Board_test\STM32F303RETX_FLASH.ld" --specs=nosys.specs -Wl,-Map="Nucleo_Board_test.map" -Wl,--gc-sections -static --specs=nano.specs -mfpu=fpv4-sp-d16 -mfloat-abi=hard -mthumb -Wl,--start-group -lc -lm -Wl,--end-group
Finished building target: Nucleo_Board_test.elf
 
arm-none-eabi-size   Nucleo_Board_test.elf 
arm-none-eabi-objdump -h -S  Nucleo_Board_test.elf  > "Nucleo_Board_test.list"
   text	   data	    bss	    dec	    hex	filename
  16200	    112	   2040	  18352	   47b0	Nucleo_Board_test.elf
Finished building: default.size.stdout
 
Finished building: Nucleo_Board_test.list
 
18:57:57 **** Incremental Build of configuration Debug for project Nucleo_Board_test ****
make -j4 all 
arm-none-eabi-gcc "../Core/Src/main.c" -mcpu=cortex-m4 -std=gnu11 -g3 -DDEBUG -DUSE_HAL_DRIVER -DSTM32F303xE -c -I../Core/Inc -I../Drivers/STM32F3xx_HAL_Driver/Inc -I../Drivers/STM32F3xx_HAL_Driver/Inc/Legacy -I../Drivers/CMSIS/Device/ST/STM32F3xx/Include -I../Drivers/CMSIS/Include -O0 -ffunction-sections -fdata-sections -Wall -fstack-usage -fcyclomatic-complexity -MMD -MP -MF"Core/Src/main.d" -MT"Core/Src/main.o" --specs=nano.specs -mfpu=fpv4-sp-d16 -mfloat-abi=hard -mthumb -o "Core/Src/main.o"
arm-none-eabi-gcc -o "Nucleo_Board_test.elf" @"objects.list"   -mcpu=cortex-m4 -T"C:\Users\anup\Desktop\STM32 board\Nucleo_Board_test\STM32F303RETX_FLASH.ld" --specs=nosys.specs -Wl,-Map="Nucleo_Board_test.map" -Wl,--gc-sections -static --specs=nano.specs -mfpu=fpv4-sp-d16 -mfloat-abi=hard -mthumb -Wl,--start-group -lc -lm -Wl,--end-group
Finished building target: Nucleo_Board_test.elf
 
arm-none-eabi-size   Nucleo_Board_test.elf 
arm-none-eabi-objdump -h -S  Nucleo_Board_test.elf  > "Nucleo_Board_test.list"
   text	   data	    bss	    dec	    hex	filename
  16204	    112	   2040	  18356	   47b4	Nucleo_Board_test.elf
Finished building: default.size.stdout
 
Finished building: Nucleo_Board_test.list
 
