09:25:21 **** Incremental Build of configuration Debug for project Input capture mode ****
make -j4 all 
arm-none-eabi-gcc "../Core/Src/main.c" -mcpu=cortex-m3 -std=gnu11 -g3 -DDEBUG -DUSE_HAL_DRIVER -DSTM32F103xB -c -I../Core/Inc -I../Drivers/STM32F1xx_HAL_Driver/Inc/Legacy -I../Drivers/STM32F1xx_HAL_Driver/Inc -I../Drivers/CMSIS/Device/ST/STM32F1xx/Include -I../Drivers/CMSIS/Include -O0 -ffunction-sections -fdata-sections -Wall -fstack-usage -fcyclomatic-complexity -MMD -MP -MF"Core/Src/main.d" -MT"Core/Src/main.o" --specs=nano.specs -mfloat-abi=soft -mthumb -o "Core/Src/main.o"
arm-none-eabi-gcc -o "Input capture mode.elf" @"objects.list"   -mcpu=cortex-m3 -T"C:\Users\anup\Desktop\STM32 board\Input capture mode\STM32F103C8TX_FLASH.ld" --specs=nosys.specs -Wl,-Map="Input capture mode.map" -Wl,--gc-sections -static --specs=nano.specs -mfloat-abi=soft -mthumb -u _printf_float -u _scanf_float -Wl,--start-group -lc -lm -Wl,--end-group
Finished building target: Input capture mode.elf
 
arm-none-eabi-size   Input\ capture\ mode.elf 
arm-none-eabi-objdump -h -S  Input\ capture\ mode.elf  > "Input capture mode.list"
arm-none-eabi-objcopy  -O binary  Input\ capture\ mode.elf  "Input capture mode.bin"
   text	   data	    bss	    dec	    hex	filename
  32456	    476	   2108	  35040	   88e0	Input capture mode.elf
Finished building: default.size.stdout
 
Finished building: Input capture mode.bin
 
Finished building: Input capture mode.list
 

09:25:23 Build Finished. 0 errors, 0 warnings. (took 1s.884ms)

