16:11:16 **** Incremental Build of configuration Debug for project Timer_interrupt ****
make -j4 all 
arm-none-eabi-gcc "../Core/Src/main.c" -mcpu=cortex-m3 -std=gnu11 -g3 -DDEBUG -DUSE_HAL_DRIVER -DSTM32F103xB -c -I../Core/Inc -I../Drivers/STM32F1xx_HAL_Driver/Inc/Legacy -I../Drivers/STM32F1xx_HAL_Driver/Inc -I../Drivers/CMSIS/Device/ST/STM32F1xx/Include -I../Drivers/CMSIS/Include -O0 -ffunction-sections -fdata-sections -Wall -fstack-usage -fcyclomatic-complexity -MMD -MP -MF"Core/Src/main.d" -MT"Core/Src/main.o" --specs=nano.specs -mfloat-abi=soft -mthumb -o "Core/Src/main.o"
arm-none-eabi-gcc -o "Timer_interrupt.elf" @"objects.list"   -mcpu=cortex-m3 -T"C:\Users\anup\Desktop\STM32 board\Timer_interrupt\STM32F103C8TX_FLASH.ld" --specs=nosys.specs -Wl,-Map="Timer_interrupt.map" -Wl,--gc-sections -static --specs=nano.specs -mfloat-abi=soft -mthumb -Wl,--start-group -lc -lm -Wl,--end-group
Finished building target: Timer_interrupt.elf
 
arm-none-eabi-size   Timer_interrupt.elf 
arm-none-eabi-objdump -h -S  Timer_interrupt.elf  > "Timer_interrupt.list"
arm-none-eabi-objcopy  -O ihex  Timer_interrupt.elf  "Timer_interrupt.hex"
arm-none-eabi-objcopy  -O binary  Timer_interrupt.elf  "Timer_interrupt.bin"
   text	   data	    bss	    dec	    hex	filename
   6972	     20	   1644	   8636	   21bc	Timer_interrupt.elf
Finished building: default.size.stdout
Finished building: Timer_interrupt.hex
 
Finished building: Timer_interrupt.bin
 
Finished building: Timer_interrupt.list
 
 

16:11:18 Build Finished. 0 errors, 0 warnings. (took 2s.213ms)

